Test 3: Writing to file
Number: 42, String: test
Hex: 0xff, Percent: %
